================================================================================
 MOSNA_Rust — JOURNAL DE PORTAGE Python -> Rust
================================================================================
Objectif : réécrire l'intégralité du dépôt MOSNA_GUI_Enhanced en Rust, à
           utilisation strictement identique (mêmes YAML, mêmes noms de
           fichiers de sortie, même GUI, mêmes sous-commandes), organisé en
           workspace multi-crates avec un fichier par fonction.

Ce fichier est le point de reprise de session. En cas de coupure, relire la
section « ÉTAT COURANT » puis la dernière entrée du « JOURNAL ».

--------------------------------------------------------------------------------
 ÉTAT COURANT
--------------------------------------------------------------------------------
Terminé          : ÉTAPES 0 (analyse), 1 (workspace), 2 (mosna-config), 3 (mosna-io)
Phase en cours   : 11 — mosna-viz (figures), puis installation Windows.
                   Voir TASKS.md pour la liste complète et priorisée.
                   TDD strict : voir TESTING.md.
Prochaine étape  : 5 mosna-viz, 6 mosna-pipeline, 7 mosna-cli, 8 mosna-gui

--------------------------------------------------------------------------------
 CARTOGRAPHIE Python -> Rust (plan de portage)
--------------------------------------------------------------------------------
Python                                          Rust
-----------------------------------------------------------------------------
GUI_MOSNA.py                                 -> crates/mosna-gui       (egui/eframe)
package/tysserand_network.py                 -> pipeline::tysserand_network
package/assortativity.py                     -> pipeline::assortativity
package/niche_analysis.py                    -> pipeline::niche_analysis
package/clear_temporary.py                   -> pipeline::clear_temporary
package/utils/*.py                           -> mosna-config + mosna-io
package/core/tysserand/*.py                  -> mosna-core::geometry + mosna-viz
package/core/assortativity/*.py              -> mosna-core::assortativity + mosna-viz
package/core/NAS/*.py                        -> mosna-core::niches + mosna-viz
mosna-package/mosna/neighbors.py             -> mosna-core::nas
mosna-package/mosna/assortativity.py         -> mosna-core::assortativity
mosna-package/mosna/clustering.py            -> mosna-core::{reduction,clustering}
mosna-package/mosna/niches.py                -> mosna-core::niches
mosna-package/mosna/preprocessing.py         -> mosna-core::preprocessing
mosna-package/mosna/plotting.py              -> mosna-viz
tysserand/tysserand.py (build_delaunay, ...) -> mosna-core::geometry

Dépendances scientifiques réimplémentées en Rust natif (pas d'équivalent crate) :
  - UMAP            (umap.rs : knn -> fuzzy simplicial set -> SGD)
  - GaussianMixture (gmm.rs  : EM covariance complète)
  - Leiden          (leiden.rs : RBConfigurationVertexPartition)
  - Spectral        (spectral.rs : Lanczos + k-means)
  - HDBSCAN         (hdbscan.rs : MST mutual-reachability + condensation)
  - Ward linkage    (linkage.rs) + dendrogramme
  - CLR / closure   (composition.rs)

--------------------------------------------------------------------------------
 JOURNAL
--------------------------------------------------------------------------------

[ÉTAPE 0] Analyse du dépôt source
  - Inventaire : 9 177 lignes Python réparties sur 47 modules.
  - GUI_MOSNA.py (2 127 l.) : PySide6, 3 panneaux (Browser / Viewer / Parameters).
  - mosna-package/mosna : 5 090 l. (coeur scientifique).
  - package/ : 1 960 l. (orchestration + figures).
  - Lecture complète du code source effectuée, y compris les fonctions
    tysserand externes utilisées (build_delaunay, link_solitaries,
    plot_network, build_knn, remove_duplicate_pairs, distance_neighbors,
    find_trim_dist).
  - Contrat d'E/S relevé et à préserver à l'identique :
      * découverte fichiers : ^nodes_{patient}-[^_]+(_{sample}-[^_]+)?\.{ext}$
      * sorties Tysserand   : {wd}/Tysserand_Network/net_{p}-{s}.png
                              {wd}/temp/net_dir_mosna/{nodes,edges}_*.parquet
      * sorties Assort.     : {wd}/Assortativity/net_stat.csv + 6 figures
                              + assort_files/ et assort_files_without_diag/
      * sorties Niches      : {wd}/Niche_Analysis/{Aggregation,Per_sample}/...
      * protocole GUI       : lignes "[QT_PROGRESS] current= total= desc="
                              et "[QT_INFO] ..." sur stdout.

[ÉTAPE 1] Mise en place de l'environnement et du workspace
  - rustup + toolchain stable installés (rustc 1.97.1, 16 coeurs disponibles).
  - Workspace Cargo créé avec 7 crates :
        mosna-config   configuration YAML, validation des paramètres
        mosna-io       lecture/écriture parquet-csv-tsv, découverte des samples
        mosna-core     algorithmique scientifique
        mosna-viz      génération des figures PNG
        mosna-pipeline orchestration des 4 analyses
        mosna-cli      binaire ligne de commande
        mosna-gui      interface graphique
  - Profil release : LTO fat, codegen-units=1, panic=abort.
  - STATUT : terminé.

[ÉTAPE 2] crate mosna-config — configuration et validation
  Fichiers créés :
    src/lib.rs                       façade + constantes de noms de sections
    src/error.rs                     ConfigError (Read/Write/Yaml/MissingKey/Assertion)
    src/value/{get_str,get_int,get_float,get_bool,get_list,type_name}.rs
                                     accesseurs typés sur un noeud YAML
    src/io/get_config.rs             <- read_config.py::get_config
    src/io/write_config.rs           <- GUI_MOSNA.py::_save_config (dump YAML)
    src/io/save_config.rs            <- save_config.py::save_config (parameters.json)
    src/model/raw.rs                 RawConfig : arbre YAML ordonné (vue GUI)
    src/model/yaml_emit.rs           émetteur YAML compatible PyYAML safe_dump
    src/model/tysserand.rs           TysserandConfig
    src/model/assortativity.rs       AssortativityConfig + NetworkDirectory
    src/model/niche.rs               NicheAnalysisConfig + ProcessingMethod
    src/model/niche_params.rs        NicheParams (+ reducer_name/clusterer_name)
    src/validate/assert_params.rs    <- assert_params.py (messages identiques)
    tests/real_config.rs             tests contre le CONFIG/configuration.yaml réel

  Points de conformité vérifiés :
    - Round-trip YAML BYTE-FOR-BYTE sur le configuration.yaml livré (test vert).
      L'émetteur reproduit safe_dump : sort_keys=False, listes en flow style
      ([mean, std]), quoting des scalaires ambigus ('1'), floats en 0.0.
    - reducer_name()/clusterer_name() reproduisent make_reducer_name() et le
      nommage de get_clusterer() -> les caches d'embedding sont partagés entre
      les deux implémentations.
    - assert_params rend les MÊMES messages d'erreur que les assert Python.
    - Le configuration.yaml livré a "Phenotype column: null" : le Python le
      refuse aussi. Test dédié qui verrouille ce comportement identique.
    - save_config conserve le comportement Python de retrait de la sous-section
      correspondant à la méthode choisie (surprenant mais reproduit à
      l'identique, documenté dans le code).

  DIVERGENCE ASSUMÉE (documentée dans validate/assert_params.rs) :
    Le Python teste `analyse_to_perform == "NAS"` alors que niche_analysis.py
    l'appelle avec "Niche Analysis" -> la branche de validation des niches est
    du code mort côté Python. Elle est activée ici (Analysis::NicheAnalysis) car
    elle encode de vraies contraintes; elle ne rejette que des configs qui
    auraient planté plus loin avec un message moins clair.

  Tests : 25 verts (21 unitaires + 4 d'intégration).
  STATUT : terminé.

[ÉTAPE 3] crate mosna-io — tables et découverte des fichiers
  Choix technique : Arrow (arrow-array/arrow-cast/parquet) plutôt qu'un moteur
  dataframe complet. Les pipelines ne font que : lire des colonnes par nom,
  round-tripper un fichier, ajouter une colonne. Conserver les tableaux Arrow
  d'origine préserve les dtypes exactement comme pd.read_parquet/to_parquet.

  Fichiers créés :
    src/error.rs                         IoError (chemins nommés dans messages)
    src/table/mod.rs                     Table (schéma Arrow + colonnes)
    src/table/constructors.rs            new/from_batches/from_columns/from_edges
    src/table/column_access.rs           f64_column/string_column/coords/edges
    src/read/get_opener.rs               <- read_extension.py::get_opener
    src/read/read_parquet.rs             + projection pushdown (read_parquet(columns=))
    src/read/read_csv.rs                 inférence de types façon pandas
    src/write/write_parquet.rs           compression SNAPPY (= défaut pyarrow)
    src/write/write_csv.rs               formats NaN->vide, inf, floats courts
    src/discovery/sample_id.rs           SampleId + str_group/nodes_file_name
    src/discovery/find_sample.rs         <- find_sample.py (regex identiques)
    src/discovery/find_sample_from_file.rs <- find_sample_from_file.py
    src/discovery/make_data_index.rs     <- preprocessing.py::make_data_index
    src/convert/convert_net_dir.rs       <- convert_net_dir.py
    src/progress/emit.rs                 <- emit_qt_progress.py (protocole GUI)
    tests/real_data.rs                   contre test/patient_folder et
                                         test/patient_sample_folder du dépôt

  Vérifié sur données réelles : lecture du parquet
  test/patient_sample_folder/nodes_patient-1_chunk-11.parquet = 9894 lignes x 4
  colonnes [cell_id, x_centroid, y_centroid, phenotype]. Les 3 CSV de
  test/patient_folder sont découverts et décodés (patient 01/02/03).

  DEUX DIVERGENCES ASSUMÉES, documentées dans le code :
   1. make_data_index trie les fichiers (le Python itère un glob non trié).
      Tous les consommateurs de cet index supposent l'ordre trié
      (merge_niche_pheno et aggregated_niches trient), donc le Python porte un
      risque de désalignement entre var_aggreg et cell_types. Le tri le supprime
      et rend les runs reproductibles.
   2. convert_net_dir convertit aussi les fichiers edges_. Le Python ne convertit
      que les nodes_ (find_sample ne matche que ce préfixe) puis lit les edges en
      parquet -> le chemin d'entrée CSV/TSV est cassé côté Python. Correction
      sans effet sur le cas parquet, qui n'atteint jamais cette fonction.

  Tests : 45 verts (42 unitaires + 3 sur données réelles).
  STATUT : terminé.

[ÉTAPE 4a] crate mosna-core — geometry + stats (portage de tysserand)
  src/error.rs                          CoreError
  src/stats/percentile.rs               np.percentile (interpolation linéaire)
  src/stats/clr.rs                      closure/clr/transform_CLR
  src/stats/linkage.rs                  Ward (nearest-neighbour chain) + ordre
                                        des feuilles du dendrogramme
  src/geometry/remove_duplicate_pairs.rs
  src/geometry/distance_neighbors.rs
  src/geometry/find_trim_dist.rs        percentile_size + percentile
  src/geometry/build_delaunay.rs        via delaunator (= Voronoi.ridge_points)
  src/geometry/build_knn.rs             via k-d tree kiddo
  src/geometry/link_solitaries.rs       reconnexion des noeuds sous-connectés

  Divergences assumées, documentées dans le code :
   - build_delaunay renvoie les arêtes triées/dédupliquées (qhull renvoie un
     ordre arbitraire). Tous les consommateurs construisent une adjacence ou une
     matrice de mixage : insensibles à l'ordre. Bénéfice : edges_*.parquet
     reproductible d'un run à l'autre.
   - Points colinéaires : le Python plante (QhullError). Ici on renvoie la
     triangulation dégénérée correcte (le chemin le long de la droite).
   - build_knn est toujours exact (le Python bascule sur pynndescent approximatif
     au-delà de 3000 noeuds) -> plus de variabilité run-to-run.
   - Comportement Python FIDÈLEMENT conservé : link_solitaries n'ajoute rien à un
     noeud ayant moins de min_neighbors candidats Delaunay (garde
     `if len(node_distances) >= min_neighbors`). Test dédié qui verrouille ça :
     relâcher ce garde-fou connecterait des cellules non voisines.

[ÉTAPE 4b] crate mosna-core — NAS (mosna/neighbors.py)
  src/nas/adjacency.rs                  CSR (= _build_adj_csr)
  src/nas/bfs.rs                        BFS k-ordre avec buffers réutilisés
                                        (le Python réalloue 3 tableaux/noeud)
  src/nas/make_features_nas.rs          moyenne + écart-type population,
                                        parallélisé par lignes avec rayon
  src/nas/onehot.rs                     = pd.get_dummies + colonnes manquantes
  src/nas/spatial_omic_features.rs      single/all networks + VarAggreg
                                        (+ to_table/from_table pour le cache
                                        var_aggreg.parquet)

  Choix numérique : l'écart-type est calculé en DEUX PASSES (soustraction de la
  moyenne dans la boucle) au lieu de l'identité E[X²]-E[X]² du chemin non-Numba
  du Python. Sur des indicatrices one-hot la variance est minuscule devant la
  moyenne : l'identité y perd des chiffres significatifs par annulation
  catastrophique. Le chemin Numba du Python fait déjà deux passes, donc on
  s'aligne sur son chemin rapide, pas sur son chemin de repli.

>>> POINT À ARBITRER PAR L'UTILISATEUR (comportement Python reproduit tel quel) :
    aggregated_niches appelle get_clusterer(data=var_aggreg.values). Or
    var_aggreg contient ENCORE les colonnes patient et sample ajoutées par
    compute_spatial_omic_features_*. Ces deux identifiants entrent donc dans
    UMAP comme des variables numériques ordinaires et influencent les niches
    obtenues. Cela ressemble à un oubli (un identifiant n'est pas une mesure),
    mais c'est le comportement réel du Python.
    -> Reproduit à l'identique dans VarAggreg::clustering_matrix() pour que les
       labels de niches coïncident avec ceux du Python. Retirer les identifiants
       est un changement d'une ligne dans cette méthode, à faire seulement après
       confirmation de l'intention.

[ÉTAPE 4c] crate mosna-core — assortativité (mosna/assortativity.py)
  src/assortativity/mixing_matrix.rs    matrice de mixage (diagonale doublée)
  src/assortativity/attribute_ac.rs     coefficient de Newman
  src/assortativity/mixmat_columns.rs   aplatissement/reconstruction + noms
  src/assortativity/zscore.rs           moyenne/écart-type/z du nul
  src/assortativity/randomized_mixmat.rs  distribution nulle par permutation
  src/assortativity/sample_assort_mixmat.rs  une ligne de net_stat.csv

  *** BUG SÉMANTIQUE ÉVITÉ (détecté par un test) ***
  Dans attribute_ac, le Python fait `M = np.asmatrix(M)` PUIS `s = (M*M).sum()`.
  Sur un np.matrix, `M*M` est le PRODUIT MATRICIEL, pas le produit terme à terme.
  Une transcription naïve en somme des carrés donne un coefficient faux (0.333
  au lieu de 0 sur un mixage indépendant). Implémenté comme
  s = somme_k (somme_ligne_k * somme_colonne_k), soit le ||e²|| de l'équation (2)
  de Newman. Trois tests verrouillent les cas -1 / 0 / +1, dont un cas à
  abondances inégales qui distingue les deux lectures.

  Optimisations par rapport au Python :
   - mixing_matrix parcourt les arêtes une fois au lieu de faire deux produits
     matriciels denses n_edges x n_attributs : c'est ce qui rend abordables les
     500 permutations par échantillon.
   - randomized_mixmat accumule moyenne/variance en streaming (Welford + fusion
     de Chan) au lieu de stocker les n_shuffle matrices (500 x 200² x 8 o =
     160 Mo pour 200 phénotypes).

  DIVERGENCE INÉVITABLE, documentée :
   Le Python tire ses permutations du générateur global numpy après
   np.random.seed(0), via sklearn.utils.shuffle. Reproduire ce flux exact n'est
   pas praticable. On utilise un générateur ChaCha8 graine par indice de
   permutation -> reproductible run-to-run ET indépendant du nombre de threads,
   mais les permutations diffèrent de celles du Python. Les z-scores diffèrent
   donc de l'erreur Monte-Carlo du test (même ordre de grandeur qu'entre deux
   runs Python de graines différentes) ; augmenter "Number of shuffle" la réduit.

  Tests mosna-core : 110 verts.
  STATUT : geometry/stats/nas/assortativity terminés.
           Reste dans mosna-core : reduction (UMAP), clustering (GMM, Leiden,
           spectral, HDBSCAN), niches (composition, cell types).

[ÉTAPE 4d] crate mosna-core — algèbre linéaire (socle UMAP/GMM/spectral)
  src/linalg/eigen.rs      Jacobi cyclique : toutes les paires propres d'une
                           matrice symétrique, signes normalisés -> reproductible.
                           Sert à l'init spectrale d'UMAP et au clustering
                           spectral. O(n^3) sans importance : n = nb de clusters
                           ou dimension de l'embedding, jamais le nb de cellules.
  src/linalg/cholesky.rs   factorisation SPD + log-déterminant + distance de
                           Mahalanobis. log_det en espace log car un déterminant
                           de covariance 20-D sous-déborde à zéro.
                           Renvoie None si non définie positive (composante GMM
                           effondrée) -> le GMM régularisera au lieu de propager
                           des NaN, comme le reg_covar de scikit-learn.
  src/linalg/kmeans.rs     k-means++ + n_init, graine fixe -> reproductible.
                           Étape finale du clustering spectral et init du GMM.

  Choix : pas de dépendance LAPACK/BLAS externe (compilation lourde, portabilité
  Windows fragile). Algorithmes denses écrits à la main, adaptés aux tailles
  réellement en jeu.

  Tests mosna-core : 127 verts.
  STATUT : terminé.

################################################################################
  POINT DE REPRISE — état au terme de cette session
################################################################################

FAIT (compile et testé, 172 tests verts au total) :
  mosna-config   25 tests  — 100 % du périmètre
  mosna-io       45 tests  — 100 % du périmètre
  mosna-core    127 tests  — geometry, stats, linalg, nas, assortativity

RESTE À FAIRE, dans l'ordre recommandé :

 [5] mosna-core / reduction — UMAP
     Fichiers à créer sous src/reduction/umap/ :
       knn_graph.rs            k plus proches voisins selon metric
                               (euclidean/manhattan via kiddo ; cosine =
                               normalisation L2 puis euclidien)
       smooth_knn_dist.rs      recherche binaire de rho et sigma par point
       fuzzy_simplicial_set.rs poids d'appartenance puis symétrisation
                               A + Aᵀ - A∘Aᵀ
       find_ab_params.rs       ajustement (a,b) de 1/(1+a·x^(2b)) sur
                               exp(-(x-min_dist)/spread) — Gauss-Newton 2 params
       spectral_init.rs        vecteurs propres du laplacien normalisé
                               (utiliser linalg::eigen sur le graphe réduit)
       optimize_layout.rs      SGD à échantillonnage négatif
       mod.rs + get_reducer.rs cache embedding.npy dans le dossier
                               NicheParams::reducer_name() (déjà implémenté)
     NOTE : le Python appelle UMAP avec random_state=None -> il N'EST PAS
     reproductible non plus. Une implémentation UMAP correcte et déterministe
     est donc strictement meilleure ; ne pas chercher l'égalité bit-à-bit.

 [6] mosna-core / clustering
       gmm.rs          EM covariance complète, init k-means, reg_covar,
                       s'appuie sur linalg::cholesky (déjà écrit)
       leiden.rs       RBConfigurationVertexPartition (Louvain + raffinement)
       spectral.rs     laplacien du graphe knn -> linalg::eigen -> linalg::kmeans
       hdbscan.rs      arbre couvrant minimal de mutual-reachability +
                       condensation ; min_cluster_size < 1 = fraction du jeu
       relabel_clusters.rs / merge_clusters.rs  (portage direct clustering.py)
       get_clusterer.rs  orchestration + cache des labels .npy aux chemins
                       NicheParams::cluster_dir_name()/clusterer_name()
     ECG : le Python lève RuntimeError sur CPU (cugraph requis) -> renvoyer
     CoreError::Unsupported avec le même message.

 [7] mosna-core / niches
       composition.rs        make_niches_composition (5 normalisations,
                             clr via stats::clr déjà écrit)
       aggregate_cell_types.rs  ordre patient/sample de var_aggreg
       merge_niche_pheno.rs     réécriture des nodes_*.parquet + colonne niches

 [8] crate mosna-viz — figures PNG (crate `plotters`)
     À partir de package/core/*/assort_figures_*.py, mosna_figures.py,
     plot_embedding.py, et ty.plot_network.
     Noms de fichiers de sortie à respecter STRICTEMENT (relevés en ÉTAPE 0).
     style_figures.py -> un module theme.rs (fond blanc, DPI 300, tailles).
     make_cluster_cmap : palette de 24 couleurs, ordre exact du Python.

 [9] crate mosna-pipeline — les 4 analyses
       tysserand_network.rs, assortativity.rs, niche_analysis.rs,
       clear_temporary.rs. Émettre [QT_PROGRESS]/[QT_INFO] aux mêmes endroits
       que le Python (voir ÉTAPE 0). Parallélisme rayon avec pool dimensionné
       par verif_cpu (à porter : min(CPU demandé, cpus dispo, nb de fichiers)).

[10] crate mosna-cli — sous-commandes alignées sur les modules Python :
       mosna tysserand-network --file <cfg> --working_dir <dir>
       mosna assortativity     --file <cfg> --working_dir <dir>
       mosna niche-analysis    --file <cfg> --working_dir <dir>
       mosna clear-temporary   --working_dir <dir>

[11] crate mosna-gui — egui/eframe, réplique de GUI_MOSNA.py
     3 panneaux (Browser / Viewer / Parameters) dans un splitter horizontal,
     onglets Images/Log/Documentation, barre de statut + barre de progression
     colorée par étape (gradients relevés dans set_progress_color).
     Les 4 boutons lancent le binaire mosna-cli en sous-processus et parsent
     [QT_PROGRESS]/[QT_INFO] : le protocole GUI<->calcul est ainsi identique au
     Python et les deux implémentations restent interchangeables.
     Sélecteur de dossier : crate `rfd`.

RAPPEL DES DEUX POINTS OUVERTS POUR L'UTILISATEUR :
  a) identifiants patient/sample injectés dans le clustering (voir ÉTAPE 4b)
  b) save_config retire la sous-section utilisée et non l'inverse (ÉTAPE 2)

################################################################################
[ÉTAPE 5] Passage en TDD + intégration continue GitHub
################################################################################

  Demande : coder en TDD (tests unitaires écrits AVANT le code, validés avant de
  passer à la suite), pouvoir s'appuyer sur des crates Rust existantes à
  condition qu'elles valident ces tests, et exécuter les tests sur GitHub.

  A. Intégration continue — .github/workflows/rust.yml (à la racine du dépôt)
     3 jobs :
       test              fmt --check, clippy -D warnings, build, tests unitaires
                         et d'intégration, doctests. Matrice ubuntu + windows
                         (l'application est livrée sur les deux).
       property tests    les tests prop_* avec PROPTEST_CASES=2048 (8x le budget
                         local) — exploration profonde, un seul OS.
       rustdoc           cargo doc --no-deps, 0 warning.
     Déclenché sur push/PR touchant MOSNA_Rust/ ou le workflow.
     rust-toolchain.toml ajouté pour que local et CI voient les mêmes lints.

  B. Infrastructure de test — crate mosna-testkit (dev-only, non livrée)
       src/fixtures.rs    blobs/grid/ring/cohort : jeux de données à structure
                          connue d'avance (une cohorte complète sur disque au
                          format attendu par les pipelines)
       src/strategies.rs  générateurs proptest : nuages de points, graphes
                          simples normalisés, labels
       src/assertions.rs  assert_close / assert_symmetric / assert_valid_partition
                          (invariants énoncés une fois au lieu d'à chaque appel)

  C. Tests de propriété écrits pour TOUT le code déjà produit
       mosna-core/tests/prop_geometry.rs      11 propriétés
       mosna-core/tests/prop_nas.rs           10
       mosna-core/tests/prop_assortativity.rs 10
       mosna-core/tests/prop_linalg.rs         9
       mosna-core/tests/prop_stats.rs         11
       mosna-io/tests/prop_io.rs               9
       mosna-config/tests/prop_config.rs       6

  D. *** DEUXIÈME DÉFAUT TROUVÉ PAR LES TESTS ***
     prop_sample_id_round_trips_through_the_file_name a fait tomber
     find_sample_from_file sur deux familles d'entrées :
       1. un nom de colonne présent dans le préfixe "nodes_"/"edges_"
          (une colonne nommée `node`, `de`, `es`) : le split Python atterrit
          dans le préfixe et renvoie un identifiant faux ;
       2. un identifiant qui reproduit une partie du séparateur de l'autre
          colonne : le split se décale et tronque l'identifiant.
     Les deux échouent EN SILENCE — un mauvais identifiant patient attribue un
     échantillon à la mauvaise personne, sans rien signaler.
     Correction : décodage STRUCTUREL (préfixe `{colonne}-`, puis séparateur
     `_{colonne}-` pris à sa dernière occurrence) au lieu d'un split aveugle.
     C'est l'inverse exact de SampleId::nodes_file_name pour TOUTE entrée.
     Pour les noms de colonnes réalistes, les deux implémentations coïncident.
     Le test de propriété n'a plus AUCUNE hypothèse restrictive.

  E. Politique d'usage des crates externes (documentée dans TESTING.md)
     Retenues, parce qu'elles passent les tests écrits avant :
       delaunator  triangulation robuste (= scipy Voronoi.ridge_points)
       kiddo       k-d tree exact pour les k plus proches voisins
       parquet/arrow  implémentation de référence du format
     Écrites à la main, avec la raison :
       eigen/cholesky/kmeans  évite une dépendance LAPACK/BLAS (fragile sous
                              Windows) ; les matrices concernées sont petites
       mixing_matrix, NAS     boucles chaudes, une lib générique n'exploiterait
                              pas la structure one-hot
       ward linkage           doit respecter les conventions exactes de scipy
     Évaluées pour la suite : linfa-clustering 0.8.1 (GMM/KMeans),
     hdbscan 0.12.0, annembed 0.1.6. Elles ne seront intégrées que si elles
     valident les tests qui seront écrits d'abord.

  État : 279 tests verts, clippy 0 erreur (-D warnings), fmt propre,
         rustdoc 0 warning, tests de propriété verts à 2048 cas.

  RÈGLE POUR LA SUITE (TESTING.md) : pour chaque module restant — UMAP,
  GMM, Leiden, spectral, HDBSCAN, niches, figures, pipelines, CLI, GUI —
  écrire d'abord tests/prop_*.rs + les tests d'exemple, vérifier qu'ils
  ÉCHOUENT, puis implémenter jusqu'au vert.

################################################################################
[ÉTAPE 6] UMAP en TDD  (crate mosna-core / reduction)
################################################################################
  Cycle TDD respecté : tests/prop_reduction.rs écrit AVANT le code, échec
  vérifié (unresolved import), puis implémentation jusqu'au vert.

  Fichiers :
    src/reduction/umap/metric.rs            euclidean / manhattan / cosine
                                            (+ rank_distance : évite la racine
                                            carrée dans la boucle chaude)
    src/reduction/umap/knn_graph.rs         k plus proches voisins EXACTS,
                                            parallélisé rayon, égalités
                                            départagées par indice -> reproductible
    src/reduction/umap/smooth_knn_dist.rs   bissection sur sigma :
                                            somme des appartenances = log2(k)
    src/reduction/umap/fuzzy_simplicial_set.rs  symétrisation w = a + b - ab
    src/reduction/umap/find_ab_params.rs    Levenberg-Marquardt sur (a,b)
    src/reduction/umap/init_layout.rs       initialisation ACP
    src/reduction/umap/optimize_layout.rs   SGD à échantillonnage négatif
    src/reduction/umap/mod.rs               UmapParams + orchestration

  Qualité vérifiée par les tests :
   - find_ab_params retrouve a=1.9328 b=0.7905 pour spread=1/min_dist=0, contre
     1.9285/0.7915 pour umap-learn, avec une SSE LÉGÈREMENT MEILLEURE. Vérifié
     par recherche exhaustive sur grille (a,b) : c'est bien l'optimum global.
   - umap_preserves_cluster_structure : >90 % des voisins dans l'embedding
     partagent le blob d'origine, sur 3 blobs bien séparés.
   - Reproductible : même graine -> même embedding, quel que soit le nb de threads.

  DEUX HYPOTHÈSES DE TEST FAUSSES, CORRIGÉES (le code était juste, pas le test) :
   1. J'avais écrit "erreur d'ajustement < 0.05". FAUX : un noyau rationnel ne
      peut pas suivre une exponentielle pure près de 0. L'optimum réel est
      ~0.052 (min_dist=0), ~0.084 (0.5), ~0.10 (0.9) — pour les paramètres
      d'umap-learn AUSSI. Test remplacé par un test d'OPTIMALITÉ (aucune
      perturbation voisine de a ou b ne fait mieux) + comparaison à la référence.
      Leçon : ne pas encoder dans un test une tolérance devinée.

  DIVERGENCES ASSUMÉES, documentées dans le code :
   - Initialisation ACP au lieu de spectrale. L'init spectrale d'umap-learn exige
     un solveur de valeurs propres CREUX sur une matrice n x n (n = nb de
     cellules). L'ACP ne coûte qu'une covariance sur les COLONNES (quelques
     dizaines/centaines), c'est une option offerte par umap-learn (init='pca'),
     et elle préserve mieux la structure globale qu'un tirage aléatoire.
   - SGD séquentiel (umap-learn parallélise et accepte la course sur les
     coordonnées, ce qui est une des raisons de sa non-reproductibilité).
   - knn EXACT en O(n^2 d). LIMITE CONNUE : pour une cohorte de plusieurs
     centaines de milliers de cellules il faudra un NN-descent approché
     (le Python utilise pynndescent au-delà de 3000 points). À faire.

################################################################################
[ÉTAPE 7] Clustering en TDD  (crate mosna-core / clustering)
################################################################################
  Cycle TDD respecté : tests/prop_clustering.rs écrit d'abord, rouge vérifié.

    src/clustering/relabel_clusters.rs  <- clustering.py::relabel_clusters
    src/clustering/merge_clusters.rs    <- merge_clusters + merge_clusters_until
    src/clustering/gmm.rs               <- torchgmm GaussianMixture
                                           EM covariance complète, init k-means,
                                           tout en espace log via Cholesky
    src/clustering/leiden.rs            <- leidenalg RBConfigurationVertexPartition
                                           Leiden COMPLET (local move + refine +
                                           agrégation), pas seulement Louvain
    src/clustering/spectral.rs          <- sklearn SpectralClustering (affinité
                                           RBF sur l'embedding, comme le Python)

  BUG TROUVÉ PAR LES TESTS (dans mon propre code Leiden) :
    Je propageais `membership` à travers `partition` PUIS l'indexais avec
    `refined`, qui utilise une numérotation différente -> tout s'effondrait en
    une seule communauté. Détecté par recovers_three_cliques. Corrigé : la
    numérotation des noeuds et celle des communautés sont maintenant appliquées
    séparément, l'assignation en communauté seulement à la toute fin.

  Vérifications de qualité :
   - GMM retrouve exactement 3 blobs séparés ; vraisemblance jamais décroissante
     (garantie EM) ; survit à une composante effondrée (régularisation croissante).
   - Leiden retrouve exactement 3 cliques ; résolution monotone ; poids honorés.
   - Spectral sépare deux ANNEAUX CONCENTRIQUES, ce qu'aucune méthode à
     centroïdes ne peut faire — c'est la raison d'être de la méthode.

  LIMITE EXPLICITE (documentée + testée) : spectral refuse au-delà de
  max_points=4096 avec un message qui pointe vers leiden/gmm. La matrice
  d'affinité est dense (O(n^2) mémoire, O(n^3) temps) ; scikit-learn a le même
  mur en mémoire. Mieux vaut refuser proprement que saturer la RAM.

  RESTE dans le clustering : HDBSCAN et ECG.
   - ECG : le Python lève RuntimeError sur CPU (cugraph requis). Reproduire
     l'erreur dans get_clusterer.
   - HDBSCAN : proposé par la liste déroulante de la GUI mais REJETÉ par
     assert_params (`clusterer_type in ["leiden","ecg","spectral","gmm"]`).
     Donc inatteignable en pratique côté Python — incohérence GUI/validation.
     À implémenter, mais priorité basse.

  État global : 409 tests verts, clippy 0 erreur (-D warnings), fmt propre,
  doctests OK, tests de propriété verts à 1024 cas.

################################################################################
[ÉTAPE 8] Niches, pipelines et CLI en TDD
################################################################################
  Priorité fixée par l'utilisateur : niches -> pipelines -> CLI. Figures
  reportées, GUI en attente. Cycle TDD respecté à chaque fois (tests écrits,
  rouge vérifié, puis implémentation).

  A. mosna-core/niches
    composition.rs          <- niches.py::make_niches_composition
                               5 normalisations (total/niche/obs/clr/niche&obs)
    find_all_phenotypes.rs  <- find_all_pheno.py (projection parquet poussée
                               dans le lecteur : seule la colonne phénotype est
                               décodée)
    aggregate_cell_types.rs <- niches.py::aggregate_cell_types
    merge_niche_pheno.rs    <- merge_niche_pheno.py

    AMÉLIORATION sur aggregate_cell_types, documentée dans le code :
      le Python refiltre une table cohorte pour chaque échantillon
      (`cohort_data[sample_col] == int(sample_id)`), ce qui est quadratique ET
      plante sur tout identifiant d'échantillon non numérique (un `chunk-A`
      parfaitement légal lève une exception). Ici on relit les fichiers dans
      l'ordre de data_index : une passe linéaire, aucune contrainte sur les
      identifiants, et l'alignement est exact par construction.

  B. mosna-pipeline — les 4 analyses
    progress.rs          trait Progress + StdoutProgress ([QT_INFO]/[QT_PROGRESS])
                         + SilentProgress (tests)
    figures.rs           trait FigureSink avec méthodes par défaut vides
                         -> LE PIPELINE TOURNE SANS mosna-viz. La liste des
                         méthodes est l'inventaire de ce que mosna-viz devra
                         fournir. NoFigures est l'implémentation actuelle.
    verif_cpu.rs         <- verif_cpu.py
    tysserand_network.rs <- package/tysserand_network.py
    assortativity.rs     <- package/assortativity.py
    niche_analysis.rs    <- package/niche_analysis.py (Aggregated + Per sample)
    clear_temporary.rs   <- package/clear_temporary.py

    CORRECTION d'un refactor Python inachevé, documentée dans niche_analysis.rs :
      dans le chemin "Aggregated nodes", la ligne
      `#cell_types = merge_niche_pheno(net_dir, pheno_col, cluster_labels)`
      est COMMENTÉE — donc la colonne `niches` n'est jamais écrite. Mais 40
      lignes plus bas le re-plot appelle `generate_cmap(net_dir, 'niches', ...)`,
      qui ne peut pas fonctionner sans cette colonne. L'écriture est rétablie :
      c'est la seule façon que l'option "Plot Network" fonctionne, et c'est ce
      qui garde la composition alignée sur les cellules.

  C. mosna-cli
    Sous-commandes alignées sur les modules Python, drapeaux IDENTIQUES
    (y compris `--working_dir` avec son underscore, qui n'est pas la convention
    CLI mais est ce que déclare l'argparse Python) :
      mosna tysserand-network --file <cfg> --working_dir <dir>
      mosna assortativity     --file <cfg> --working_dir <dir>
      mosna niche-analysis    --file <cfg> --working_dir <dir>
      mosna clear-temporary                --working_dir <dir>
    Un test verrouille explicitement que `--working-dir` (avec tiret) est REFUSÉ.

  D. VALIDATION DE BOUT EN BOUT sur les vraies données du dépôt
     (test/patient_sample_folder, 4 échantillons, 39 290 cellules, 34 phénotypes)
       étape 1 tysserand      : 0,031 s
       étape 2 assortativité  : 0,028 s (50 permutations, 2420 colonnes)
       étape 3 niches         : 22 s (UMAP + GMM sur 39 290 x 70)
     Sorties produites :
       temp/net_dir_mosna/{nodes,edges}_*.parquet + var_aggreg.parquet
       Assortativity/net_stat.csv  (4 lignes x 2420 colonnes)
       Niche_Analysis/Aggregation/niche_cluster/parameters.json
       colonne `niches` écrite dans les 4 fichiers nodes
     Résultats scientifiquement cohérents : assortativité 0,34 à 0,51
     (positive = les phénotypes se regroupent spatialement, attendu sur du
     tissu), Z entre 101 et 188 (très significatif).

  État : 486 tests verts, clippy 0 erreur (-D warnings), fmt propre, doctests OK.

  RESTE :
    - mosna-viz (figures)  : implémenter FigureSink. L'inventaire des méthodes à
      fournir est dans crates/mosna-pipeline/src/figures.rs.
    - mosna-gui            : en attente, à la demande de l'utilisateur.
    - HDBSCAN / ECG        : cf. étape 7 (ECG lève sur CPU côté Python, HDBSCAN
                             est rejeté par assert_params).
    - knn approché (NN-descent) pour les très grandes cohortes : cf. étape 6.
    - cache embedding.npy aux chemins NicheParams::reducer_name() : non fait,
      seul var_aggreg.parquet est mis en cache (c'est le coûteux).

################################################################################
[ÉTAPE 9] mosna-gui — interface graphique, en TDD
################################################################################
  Demande : reproduire STRICTEMENT la GUI Python, mais en noir et or.
  Cycle TDD respecté : tests/gui_logic.rs écrit d'abord, rouge vérifié
  (unresolved import mosna_gui), puis implémentation jusqu'au vert.

  Technologie : eframe/egui 0.35 + rfd (sélecteur de dossier) + egui_extras
  (chargement des PNG/JPEG). Pas de PySide6, donc pas de dépendance Qt.

  Séparation logique / rendu : tout ce qui n'est pas du dessin est testable et
  se trouve dans src/model/ ; src/panels/ ne fait que dessiner.
    src/model/field.rs    <- ParametersPanel._get_widget + parse_value
                             (6 types d'éditeur, échelle de coercition
                             identique : order exempté, puis null, bool, int,
                             float, littéral entre crochets, texte)
    src/model/form.rs     <- _add_section_tab / _add_niche_general_tab /
                             _add_niche_subsection_tab
                             (ordre des sections, exclusion des BROWSER_KEYS,
                             groupes Reduction/Clustering/Niche Normalisation,
                             activation conditionnelle resolution<->leiden,
                             n_clusters<->gmm|spectral, min_cluster_size<->hdbscan)
    src/model/browser.rs  <- BrowserPanel (découverte des fichiers, résolution
                             des edges, écriture des 5 clés dans les 3 sections)
    src/model/viewer.rs   <- _collect_analysis_images
    src/model/log.rs      <- append_log (classification par sévérité)
    src/model/runner.rs   <- ScriptRunnerThread + _on_output_line +
                             _format_duration
    src/theme.rs          palette noir et or
    src/app.rs            MosnaApp (état + boucle de frame)
    src/panels/*.rs       top_bar, browser, parameters, viewer, modals

  PALETTE NOIR ET OR, décisions documentées dans theme.rs :
    fond #0E0D0B (noir chaud), panneaux #16151 2, surfaces #1E1C18,
    or #D4AF37, or clair #F0C75E, or sourd #8A7326, texte #E8E2D4.
    - L'or n'apparaît qu'à l'interaction (survol/actif) : l'oeil est attiré par
      ce sur quoi on peut agir, pas par tout à la fois.
    - Les couleurs de log erreur/avertissement/succès GARDENT leurs teintes
      conventionnelles (rouge/ambre/vert) : elles portent du sens qu'un
      monochrome or détruirait. Seuls info et progression, qui n'ont pas de
      couleur conventionnelle, passent sur l'axe or (ils étaient bleu et violet
      côté Python).
    - Les 4 étapes gardent des couleurs distinctes (c'est ce qui fait que la
      barre de progression dit QUELLE étape tourne), mais exprimées comme une
      progression bronze -> or -> champagne, plus un bronze sombre pour le
      nettoyage. Un test vérifie qu'elles restent distinguables (contraste
      >= 1.3:1 deux à deux).
    - Tests de contraste : texte sur panneau >= 4.5:1, or sur panneau >= 4.5:1,
      chaque couleur de log >= 3:1 sur sa surface.

  TROISIÈME BUG PYTHON CORRIGÉ, documenté dans model/viewer.rs :
    _collect_niches_images cherche les figures sous "Niches_Analysis" alors que
    niche_analysis.py écrit dans "Niche_Analysis" -> l'onglet Niches de la GUI
    Python est TOUJOURS VIDE. Le bon dossier est utilisé ici, et l'arborescence
    est parcourue en profondeur (Aggregation/<saving dir>/ et
    Per_sample/<saving dir>/<échantillon>/), car le nom du dossier de
    sauvegarde est choisi par l'utilisateur.

  Protocole inter-processus INCHANGÉ : la GUI lance le binaire `mosna` en
  sous-processus et parse [QT_PROGRESS]/[QT_INFO]. Les deux implémentations
  restent donc interchangeables : la GUI Rust peut piloter le backend Python et
  réciproquement.

  Vérifié : compile en release, se lance et tient (fenêtre ouverte 5 s sans
  incident). Capture d'écran impossible depuis cette session (restriction X
  Wayland) — à valider visuellement par l'utilisateur.

  Tests : 98 pour mosna-gui (58 unitaires + 40 d'intégration).
  État global : 584 tests verts, clippy 0 erreur (-D warnings), fmt propre,
  doctests OK.

  RESTE :
    - mosna-viz (figures) : implémenter FigureSink. Inventaire des méthodes dans
      crates/mosna-pipeline/src/figures.rs. Tant qu'il n'existe pas, la GUI
      affiche "No figure yet" — le pipeline tourne, il ne produit simplement
      pas encore d'images.
    - HDBSCAN / ECG (cf. étape 7), knn approché (cf. étape 6).

################################################################################
[ÉTAPE 10] Installation Linux, en TDD
################################################################################
  Cycle TDD respecté : tests/paths.rs puis tests/install.rs écrits d'abord,
  rouge vérifié à chaque fois, puis implémentation.

  A. crate mosna-paths — résolution des chemins (35 tests)
     Toute résolution prend une Environment explicite au lieu de lire
     std::env directement : c'est ce qui rend les règles de priorité testables
     sans dépendre de la machine du développeur.
       src/config_file.rs  ordre de priorité du configuration.yaml :
                           1. argument explicite
                           2. MOSNA_CONFIG
                           3. copie utilisateur ($XDG_CONFIG_HOME/mosna, sinon
                              ~/.config/mosna)
                           4. copie installée (<prefix>/share/mosna)
                           5. CONFIG/configuration.yaml (dépôt)
                           Si rien n'existe, renvoie quand même le chemin
                           utilisateur : un premier lancement a où écrire.
       src/binary.rs       localisation du binaire mosna : MOSNA_BIN, puis à
                           côté de l'exécutable, puis nom nu (PATH).
       src/layout.rs       Layout : où va chaque fichier sous un préfixe.

     La GUI et le CLI utilisent désormais cette crate au lieu de deviner
     localement (l'ancien code ad hoc dans gui/main.rs et gui/app.rs est
     remplacé). Une seule source de vérité, partagée avec l'installeur.

  B. crate mosna-install — installation/désinstallation (33 tests)
       src/plan.rs     Action + Plan : la liste d'actions est calculée SANS
                       toucher au disque, ce qui rend --dry-run possible et
                       permet aux tests d'inspecter ce qui serait écrit.
       src/desktop.rs  entrée .desktop (Exec absolu, Icon par nom pour que le
                       thème choisisse la taille, StartupWMClass aligné sur le
                       titre de fenêtre)
       src/icon.rs     conversion .ico -> PNG 256x256. Nécessaire : les
                       environnements de bureau lisent le thème hicolor et
                       n'affichent RIEN si on y met un .ico.
       src/lib.rs      Installer : verify_sources (échoue AVANT d'écrire quoi
                       que ce soit), install, uninstall, dry_run
       src/main.rs     binaire mosna-install

     Garanties vérifiées par les tests :
      - tous les chemins écrits sont sous le préfixe (sinon la désinstallation
        ne pourrait pas nettoyer)
      - les dossiers sont créés avant leur contenu
      - les binaires installés sont exécutables (mode 0755)
      - installer deux fois fonctionne (une mise à jour est une installation)
      - la désinstallation retire exactement ce qui a été installé et LAISSE
        les fichiers d'autres logiciels dans un préfixe partagé (remove_dir
        refuse un dossier non vide : c'est exactement le garde-fou voulu)
      - --dry-run n'écrit rien

  C. install.sh à la racine de MOSNA_Rust
     Ne fait que construire puis passer la main à mosna-install : aucune
     logique non testée en bash. Gère --prefix, --dry-run, --uninstall, et
     détecte l'absence de cargo avec la commande d'installation de rustup.

  D. VALIDÉ DE BOUT EN BOUT
     - installation réelle dans un préfixe temporaire : 5 fichiers en place
     - le binaire installé fonctionne HORS du dépôt (mosna --help depuis /tmp)
     - desktop-file-validate : OK
       (a d'abord signalé "more than one main category" pour
        Science;Biology;Education; -> corrigé en Science;Biology;)
     - icône : PNG 256x256 RGBA valide
     - désinstallation : 0 fichier restant

  E. TASKS.md créé à la racine : 18 tâches, classées bloquant / important /
     utile / proposition, avec pour chacune ce qui manque et pourquoi.

  État : 652 tests verts, clippy 0 erreur, fmt propre, doctests OK.

  RESTE PRIORITAIRE :
    1. mosna-viz (figures) — l'application ne produit aucune image
    2. installation Windows
    (voir TASKS.md pour le détail et les 16 autres)

################################################################################
[ÉTAPE 11] mosna-viz — les figures, en TDD
################################################################################
  Cycle TDD respecté : tests/figures.rs écrit d'abord, rouge vérifié, puis
  implémentation.

  Ce qui est testable dans une figure, et ce qui ne l'est pas : on ne peut pas
  comparer pixel à pixel avec matplotlib (absent de l'environnement), et vouloir
  le faire figerait la MISE EN PAGE plutôt que le SENS. Sont donc vérifiés :
    - les cartes de couleurs reproduisent matplotlib valeur pour valeur
      (RdBu_r, Blues, tab20, tab20b, make_cluster_cmap) ;
    - les normalisations placent bien le centre au milieu (TwoSlopeNorm,
      SymLogNorm) — un z-score de 0 doit se lire neutre ;
    - chaque figure que le Python écrit est écrite, sous le MÊME nom, dans le
      MÊME dossier (c'est ce que scanne la GUI) ;
    - les images sont des PNG valides, de la bonne taille, et NON VIDES ;
    - les couleurs des phénotypes/clusters apparaissent réellement dans l'image.

  Fichiers (crate mosna-viz, 77 tests) :
    src/colormap.rs   Gradient + RdBu_r/Blues/tab20/tab20b + make_cluster_cmap
                      (avec la troncature exacte de la liste pâle sous 20)
    src/norm.rs       TwoSlopeNorm, SymLogNorm (+ threshold_for)
    src/theme.rs      style_figures.py : fond blanc, tailles, dpi
    src/canvas.rs     helpers plotters (+ étiquettes pivotées)
    src/network.rs                       <- draw_per_sample + ty.plot_network
    src/assortativity/abundance.rs       <- assort_figures_abundance
    src/assortativity/heatmap.rs         <- assort_figures_heatmap (+ Ward)
    src/assortativity/mixing_matrix.rs   <- les deux variantes par échantillon
    src/assortativity/mean_std.rs        <- moyenne + SEM encodée par la taille
    src/niches/composition.rs            <- mosna_figures (heatmap)
    src/niches/histogram.rs              <- mosna_figures (histogramme)
    src/embedding.rs                     <- plot_clusters
    src/lib.rs        Figures : implémentation de FigureSink

  Le CLI utilise désormais Figures::new() au lieu de NoFigures : une seule ligne
  changée, comme prévu par la conception du trait à l'étape 8.

  DIVERGENCE ASSUMÉE, documentée dans theme.rs :
    Le Python enregistre à dpi=300, ce qui transforme son figsize=(30,30) en une
    image 9000x9000 — 243 Mo de pixels pendant le rendu. Le pipeline rend les
    échantillons en parallèle : sur 16 coeurs cela ferait près de 4 Go de
    canevas simultanés. Le défaut ici est 100 dpi (3000x3000), soit un
    seizième de la mémoire, toujours très au-delà d'un écran et parfaitement
    zoomable. Theme { dpi: 300.0 } retrouve les dimensions exactes du Python.

  DÉFAUT TROUVÉ ET CORRIGÉ À L'INSPECTION VISUELLE :
    les étiquettes de colonnes des heatmaps se chevauchaient en un pâté
    illisible (34 phénotypes aux noms longs). matplotlib les incline à 45° ;
    plotters n'offre que des quarts de tour, donc 90°, ce qui est le choix
    standard pour une heatmap dense. Vérifié après régénération.

  VALIDÉ SUR LES VRAIES DONNÉES (test/patient_sample_folder, 39 290 cellules,
  34 phénotypes) : 24 figures produites.
      étape 1 : 0,11 s   4 réseaux 3000x3000
      étape 2 : 0,19 s   5 figures cohorte + 2x4 matrices de mixage
      étape 3 : 22,6 s   5 compositions + histogramme + projection
    Inspection visuelle : la figure réseau montre l'architecture tissulaire
    réelle (nids tumoraux bleus dans un stroma fibroblastique orange, immunitaires
    dispersés), la légende liste les 18 phénotypes du champ, les heatmaps ont
    leur échelle divergente centrée et le gris pour les paires absentes.

  État : 729 tests verts, clippy 0 erreur, fmt propre, doctests OK.

  RESTE (voir TASKS.md) : installation Windows, puis les points 🟠 et 🟡.

================================================================================
ÉTAPE 12 — INSTALLATION WINDOWS, MANUEL BILINGUE, ET PROJET AUTONOME
================================================================================
Date : 2026-08-04
État final : 813 tests verts, clippy 0 erreur (-D warnings), fmt propre.

--------------------------------------------------------------------------------
12.1  Installation multiplateforme (TDD)
--------------------------------------------------------------------------------
  ROUGE D'ABORD : crates/mosna-paths/tests/install_layout.rs (14 tests), puis
  crates/mosna-install/tests/shortcuts.rs (12 tests).

  mosna-paths/src/lib.rs
    Environment gagne desktop_dir, user_profile, app_data, local_app_data,
    plus home_dir(), desktop_dir(), start_menu_dir().
  mosna-paths/src/layout.rs   RÉÉCRIT, conscient de la plateforme
    Platform { Unix, Windows }, Platform::current(), executable_suffix()
    ShortcutKind { DesktopEntry, WindowsLink }
    Shortcut { path, kind }
    Layout::for_platform(prefix, platform)
    Layout::menu_entry() -> Option<PathBuf>   Some sur Unix, None sur Windows
                                              (le menu Démarrer est hors préfixe)
    Layout::shortcuts(&Environment) -> Vec<Shortcut>
      Unix    : ~/Desktop/mosna.desktop            (XDG_DESKTOP_DIR respecté)
      Windows : %USERPROFILE%\Desktop\MOSNA.lnk
                %APPDATA%\...\Start Menu\Programs\MOSNA.lnk
    Layout::default_prefix_for(env, platform)
      Unix    : ~/.local
      Windows : %LOCALAPPDATA%\Programs\MOSNA
    Windows : binaires en .exe, icône en .ico (le shell ne lit pas le PNG).

  mosna-install/src/shortcut.rs   écriture des deux formes de raccourci
  mosna-install/src/shell_link.rs ÉCRIT À LA MAIN, format MS-SHLLINK
    HEADER_SIZE 0x4C, LINK_CLSID, drapeaux HAS_LINK_INFO|HAS_NAME|
    HAS_WORKING_DIR|HAS_ICON_LOCATION|IS_UNICODE, LinkInfo 0x24 avec les
    champs Unicode (un nom d'utilisateur accentué survit), StringData en
    UTF-16 précédé d'un compte u16, bloc terminal 0u32. Tests au niveau octet.

    POURQUOI À LA MAIN : mslnk 0.1.8 ne compile pas sous Linux (il importe
    std::os::windows::ffi::OsStrExt inconditionnellement). La règle posée dans
    TESTING.md — une caisse doit valider les tests écrits d'abord — l'exclut.
    Le fichier .lnk est donc produit depuis Linux et testé depuis Linux.

  DÉFAUT TROUVÉ ET CORRIGÉ : les tests écrivaient sur le VRAI bureau
    Installer::new appelait Environment::detect() en interne ; le premier
    install() d'un test a créé /home/owen.griere/Desktop/mosna.desktop.
    Fichier supprimé, et la signature devient
        Installer::new(layout, sources, environment)
    de sorte que le compilateur oblige chaque appelant — chaque test compris —
    à dire sur quel bureau il écrit. Tous les appels passent un HOME temporaire.

  Deux tests plus anciens encodaient une hypothèse devenue fausse (les
  lanceurs vivent hors du préfixe, par conception) :
    directories_are_created_before_their_contents : porte désormais sur les
      seuls chemins internes au préfixe.
    installing_never_writes_to_the_user_configuration : autorise les chemins
      de lanceur, et vérifie en plus qu'aucune action ne vise config_file::user_path().

--------------------------------------------------------------------------------
12.2  install.ps1, le pendant Windows de install.sh (TDD)
--------------------------------------------------------------------------------
  ROUGE D'ABORD : crates/mosna-install/tests/scripts.rs (8 tests).
    - les deux scripts existent, install.sh est exécutable
    - aucun des deux ne copie de fichier lui-même : ils délèguent à
      mosna-install, qui est testé
    - les deux construisent --release les deux binaires
    - les options citées dans le manuel existent bien
      (--prefix/--dry-run/--uninstall ; -Prefix/-DryRun/-Uninstall)
    - désinstaller ne demande pas de construire d'abord
    - une chaîne d'outils absente est expliquée (rustup), pas « command not found »
    - LES CHEMINS QUE LES SCRIPTS PASSENT EXISTENT : c'est ce test qui attrape
      un déplacement de fichier, panne qui ne se voit sinon qu'à l'installation
      chez l'utilisateur.

  UN DE MES TESTS ÉTAIT FAUX : uninstalling_does_not_require_a_build cherchait
  « uninstall » puis « Uninstall » ; en PowerShell la garde s'écrit $Uninstall
  et la première occurrence minuscule était '--uninstall', tout en bas. Le
  script était correct, la recherche ne l'était pas. Corrigé en repliant la
  casse avant de comparer les positions.

--------------------------------------------------------------------------------
12.3  Manuel bilingue façon Squidpy, lisible dans la GUI (TDD)
--------------------------------------------------------------------------------
  ROUGE D'ABORD : crates/mosna-gui/tests/docs.rs (13 tests), puis
  crates/mosna-gui/tests/docs_navigation.rs (15 tests).

  crates/mosna-gui/src/docs/
    model.rs    Language (EN/FR, other/label/code), Text { en, fr },
                CalloutKind { Tip, Warning, Note }, ParameterRow,
                Block { Heading, Paragraph, List, Callout, Code, Table, Image },
                Section { id, title, blocks }, Chapter { id, title, sections }
    content.rs  LE TEXTE, en anglais et en français. Cinq chapitres :
                  installation      Prérequis / Linux / Windows / Après
                  getting-started   objet, répertoire de travail, fichiers d'entrée
                  workflow          les trois panneaux, organisation de l'analyse
                  parameters        les tableaux de tous les paramètres
                  results           lire l'assortativité, lire les niches
                Contenu repris de assets/documentation.html, plus le chapitre
                d'installation que le Python n'avait pas (il se lançait depuis
                une copie du dépôt ; celui-ci s'installe).
    assets.rs   les figures compilées dans le binaire (include_bytes!).
                Le manuel est lu depuis une copie installée, sans dépôt à
                côté : un chemin relatif serait vide au moment utile.
    state.rs    ManualState : page ouverte, langue, recherche, chapitres
                dépliés ; select/previous/next/toggle_language/results.
    mod.rs      Documentation { chapters } : section(id), chapter_of(id),
                first_section(), documented_parameters(), search(needle, lang).

  LE TEST QUI TIENT LE MANUEL HONNÊTE :
    every_parameter_of_the_interface_is_documented lit CONFIG/configuration.yaml,
    construit le Form réel, et exige que chaque clé proposée par l'interface
    soit documentée. Son symétrique interdit de documenter un réglage absent.
    Ajouter un paramètre sans l'expliquer casse désormais la compilation des
    tests.

  UN DE MES TESTS ÉTAIT FAUX : the_translation_is_a_translation comptait le
  nom et le type de chaque paramètre, identiques dans les deux langues PAR
  CONCEPTION (ce sont les libellés de l'interface et les clés du fichier de
  configuration ; les traduire enverrait le lecteur chercher un contrôle
  inexistant). Le ratio plafonnait à 55 %. Le collecteur les exclut désormais,
  comme il excluait déjà les blocs de code ; every_documented_parameter_states_
  its_type continue de vérifier qu'ils sont remplis.

  crates/mosna-gui/src/panels/documentation.rs   LE RENDU
    Mise en page façon Squidpy : arbre de navigation à gauche (chapitres
    dépliables → sections), page à droite, barre d'outils au-dessus.
    Boutons d'interaction : ← → (précédent/suivant, morts aux extrémités et
    non circulaires), champ de recherche + ✕, bouton « 🌐 Français / English »
    qui annonce la langue vers laquelle il bascule, « Copy » sur chaque bloc
    de commandes. Fil d'Ariane en tête de page, paire précédent/suivant en pied.
    Palette noir et or de theme.rs, comme le reste de l'interface.
    L'ancien texte figé de panels/viewer.rs::documentation() est supprimé.

  MosnaApp gagne documentation: Documentation et manual: ManualState.

--------------------------------------------------------------------------------
12.4  MOSNA_Rust devient la racine du projet
--------------------------------------------------------------------------------
  Tout ce dont le projet a besoin est désormais À L'INTÉRIEUR de MOSNA_Rust :

    CONFIG/configuration.yaml   copié depuis la racine Python
    assets/logo.ico             idem (icône de l'installation)
    assets/images/*.png         idem (figures du manuel, compilées au binaire)
    assets/documentation.html   conservé comme source d'origine du manuel
    test/patient_folder/        les jeux de données réels des tests
    test/patient_sample_folder/
    .github/workflows/rust.yml  CI adaptée : plus de working-directory, plus de
                                filtre de chemins, plus de workspaces: MOSNA_Rust

  Références repointées (elles sortaient de MOSNA_Rust) :
    install.sh                        --config/--icon : ../CONFIG → CONFIG
    install.ps1                       idem, dès l'écriture
    mosna-install/src/main.rs         défaut ../CONFIG → CONFIG
    mosna-install/tests/install.rs    ../../../assets → ../../assets
    mosna-config/tests/real_config.rs ../../.. → ../..
    mosna-io/tests/real_data.rs       ../../.. → ../..
    mosna-gui/tests/docs.rs           ../../../CONFIG → ../../CONFIG

  Vérifié : ./install.sh --prefix <tmp> --dry-run produit le plan complet
  (4 répertoires, 2 binaires, la configuration, l'entrée de menu, l'icône
  convertie, le lanceur de bureau) en ne lisant que des chemins internes.

--------------------------------------------------------------------------------
REPRISE DE SESSION
--------------------------------------------------------------------------------
  cd MOSNA_Rust
  cargo test --workspace        813 tests, tous verts
  cargo clippy --workspace --all-targets    0 avertissement
  cargo fmt --all --check       propre

  Ce qui reste : voir TASKS.md. Rien de bloquant ; l'application s'installe et
  tourne sur Linux, et l'installation Windows est écrite et testée depuis Linux
  mais n'a pas été exécutée sur une vraie machine Windows — c'est le seul point
  qui demande une vérification manuelle.

--------------------------------------------------------------------------------
12.5  Suppression du Python et promotion à la racine du dépôt
--------------------------------------------------------------------------------
  Archivé d'abord : MOSNA_python-legacy.tar.gz, À CÔTÉ du dépôt (102 entrées,
  3,2 Mo). Contient tout ce qui a été supprimé, y compris les 11 modules de
  mosna-package/mosna/ qui n'étaient pas suivis par git et auraient donc été
  définitivement perdus.

  Supprimés : assets/ CONFIG/ crates/ (doublon vide, vestige d'un faux départ)
  .github/ package/ mosna-package/ test/ GUI_MOSNA.py MosnaGUI.sh README.md
  requirements.txt setup.sh setup_windows.bat .gitignore

  Puis le contenu de MOSNA_Rust/ est remonté d'un cran, et MOSNA_Rust/ supprimé.

  POURQUOI REMONTER PLUTÔT QUE LAISSER LE DOSSIER EN PLACE :
    .git est à la racine de MOSNA_GUI_Enhanced, et GitHub Actions ne lit
    .github/workflows QU'À LA RACINE DU DÉPÔT. En laissant le workflow sous
    MOSNA_Rust/.github, la CI n'aurait plus jamais tourné — silencieusement.
    Le dossier du dépôt s'appelle toujours MOSNA_GUI_Enhanced ; le renommer
    (mv) est sans risque et vous revient.

  PIÈGE RENCONTRÉ APRÈS LE DÉPLACEMENT : 8 tests de scripts.rs en échec.
    CARGO_MANIFEST_DIR est gravé à la compilation ; cargo a réutilisé des
    binaires de test qui pointaient encore sur l'ancien chemin. `touch` sur
    les sources force la recompilation. Rien à corriger dans le code.

  Vérifié après déplacement : 813 tests verts, clippy 0, fmt propre, et
  ./install.sh --dry-run ne lit plus que des chemins internes au dépôt.

--------------------------------------------------------------------------------
12.6  Bureau localisé : le lanceur atterrissait dans un dossier jamais ouvert
--------------------------------------------------------------------------------
  DÉFAUT TROUVÉ EN RÉDIGEANT LES INSTRUCTIONS D'INSTALLATION, sur la machine
  de l'utilisateur : `xdg-user-dir DESKTOP` répond /home/owen.griere/Bureau,
  mais l'installeur ne lisait que la variable d'environnement XDG_DESKTOP_DIR.
  Or les sessions graphiques ne l'exportent généralement PAS : le nom localisé
  vit dans ~/.config/user-dirs.dirs, que la commande xdg-user-dir relit à
  chaque appel. Le lanceur allait donc dans ~/Desktop — inexistant sur un
  compte français, et jamais ouvert. Créer un lanceur là revient à n'en pas
  créer.

  ROUGE D'ABORD : crates/mosna-paths/tests/user_dirs.rs (13 tests).

  crates/mosna-paths/src/user_dirs.rs   NOUVEAU
    desktop(config_home, home) -> Option<PathBuf>
    Analyse le fragment de syntaxe shell que xdg-user-dirs écrit vraiment,
    plutôt que d'interpréter du shell : guillemets facultatifs, espaces
    tolérés, commentaires ignorés, dernière affectation gagnante, $HOME
    développé, chemin absolu accepté tel quel, chemin relatif refusé.

    UN CAS QUI MÉRITE SON TEST : xdg-user-dirs écrit le dossier personnel
    lui-même pour dire « ce compte n'a pas de bureau ». Déposer un lanceur à
    la racine du HOME serait pire que de n'en pas déposer → None.

  Environment::desktop_dir() a désormais trois sources, du plus spécifique au
  moins spécifique :
    1. XDG_DESKTOP_DIR, quand la session l'exporte
    2. ~/.config/user-dirs.dirs
    3. ~/Desktop
  La fonction reste pure vis-à-vis d'Environment ; c'est elle qui lit le
  fichier, donc la précédence est testable sans toucher à la vraie machine.

  VÉRIFIÉ SUR LA MACHINE RÉELLE : le plan d'installation dit maintenant
    create launcher /home/owen.griere/Bureau/mosna.desktop
  au lieu de .../Desktop/...

  MÉNAGE : ~/Desktop, vide, était le résidu du bug de test de l'étape 12.1
  (les tests écrivaient sur le vrai bureau). Supprimé.

  État : 829 tests verts, clippy 0, fmt propre.

================================================================================
ÉTAPE 13 — LE BANC D'ESSAI (benchmark/)
================================================================================
Date : 2026-08-04
État final : 906 tests verts, clippy 0, fmt propre.

  Périmètre arbitré avec l'utilisateur : le banc ne compare PAS Python et Rust
  (les sources Python ont été retirées à l'étape 12.5). Il porte sur la seule
  implémentation Rust, sur les trois niveaux proposés.

--------------------------------------------------------------------------------
13.1  Pourquoi trois niveaux
--------------------------------------------------------------------------------
  MOSNA n'est pas uniformément déterministe. Un banc qui l'ignorerait échouerait
  au hasard ou ne prouverait rien. Chaque niveau pose la question la plus forte
  que son sujet peut supporter :

    niveau 1  golden       géométrie, NAS, matrices de mixage, assortativité
                           « les nombres sont-ils ceux enregistrés dans golden/ ? »
    niveau 2  reproduce    null par permutation, UMAP, GMM, Leiden
                           « la réponse dépend-elle du nombre de threads ? »
    niveau 3  recover      le pipeline de bout en bout
                           « les niches trouvées sont-elles celles plantées ? »

  Le niveau 3 existe parce que les deux premiers tiendraient encore si l'analyse
  était reproductiblement fausse. Le tissu est généré avec des niches connues,
  donc il y a une vérité terrain à confronter.

--------------------------------------------------------------------------------
13.2  Construction, en TDD
--------------------------------------------------------------------------------
  ROUGE D'ABORD : benchmark/tests/{cohort,agreement,measurement}.rs (48 tests),
  vérifiés rouges (« unresolved import mosna_bench::... »), puis le code.

  benchmark/src/cohort.rs      générateur de tissu, graine unique
    Centres de niches, mélange phénotypique bancal par niche, cellule tirée
    autour d'un centre. C'est délibérément le modèle génératif que l'analyse
    de niches suppose : du bruit uniforme rendrait toute partition aussi bonne
    qu'une autre et le niveau 3 ne mesurerait rien.
    Box-Muller écrit à la main plutôt que rand_distr : une dépendance de moins
    entre la graine et le tissu, une raison de moins pour qu'une référence
    golden bouge à la mise à jour d'une caisse.

  benchmark/src/agreement.rs   ARI, NMI, recouvrement des k plus proches voisins
    ARI plutôt que Rand brut : deux partitions indépendantes doivent lire zéro,
    pas le 0,5 que donne l'indice non corrigé.
    PAS d'AMI : son terme correctif demande une log-gamma écrite à la main pour
    un troisième nombre qui s'accorderait avec les deux autres. Documenté.

  benchmark/src/fingerprint.rs  l'empreinte comparable
    Trois règles, chacune parce que la version naïve est fausse :
      arêtes triées avant hachage (l'ordre des threads n'est pas un résultat) ;
      flottants à tolérance relative (une somme parallèle n'associe pas pareil) ;
      NaN == NaN (une case grise de matrice de mixage est absente des deux côtés).
    FNV-1a écrit à la main : DefaultHasher n'est explicitement pas stable entre
    versions de Rust, et une référence qui bouge à la mise à jour du compilateur
    n'est pas une référence.

  benchmark/src/{timing,levels,report}.rs, main.rs (clap), golden/*.json

  UN DE MES TESTS ÉTAIT FAUX : the_hash_is_fixed_across_releases contenait une
  constante que j'avais inventée. Le littéral a été remplacé par la valeur
  calculée INDÉPENDAMMENT (FNV-1a en Python sur les mêmes octets) — sinon le
  test dirait seulement que le code s'accorde avec lui-même.

--------------------------------------------------------------------------------
13.3  CE QUE LE BANC A TROUVÉ : Leiden n'était pas reproductible
--------------------------------------------------------------------------------
  Le niveau 2, dès sa première exécution, a signalé leiden_labels différents
  entre le pool multi-thread et le pool à un thread.

  CAUSE : local_move(), refine() et aggregate() itéraient des
  std::collections::HashMap. Le choix de la meilleure communauté départage les
  gains ÉGAUX par l'ordre d'itération, et RandomState est graine par thread.
  Conséquence : le même graphe était partitionné différemment sur un thread
  ouvrier et sur le thread principal — et différemment encore au processus
  suivant, malgré la graine passée à leiden(). Un z-score publié n'aurait pas
  été reproductible.

  ROUGE D'ABORD : deux tests ajoutés dans crates/mosna-core/src/clustering/
  leiden.rs — le même graphe partitionné ici et dans un std::thread::spawn.
  Le premier (trois cliques) passait déjà : peu d'égalités. Le second (un
  anneau de 60 noeuds, où TOUT est à égalité) échouait franchement.

  CORRECTION : BTreeMap aux trois endroits. Les cartes sont minuscules (une
  entrée par communauté voisine), donc l'arbre ne coûte rien face à SipHash.
  L'ordre par identifiant de communauté fait du départage une propriété du
  graphe et non de l'exécution.

--------------------------------------------------------------------------------
13.4  Ce que le banc a trouvé et que je n'ai PAS corrigé
--------------------------------------------------------------------------------
  Les z-scores d'assortativité diffèrent entre deux nombres de threads — au
  quinzième chiffre. randomized_mixmat utilise rayon::reduce, dont l'arbre de
  fusion dépend du découpage : (a+b)+c contre a+(b+c). Les permutations, elles,
  sont identiques ; c'est la partie qui compte.

  MON NIVEAU 2 ÉTAIT TROP STRICT, pas le code : il comparait les flottants à
  tolérance zéro. Corrigé en séparant explicitement les deux régimes —
    étiquettes : exactes, bit à bit (une cellule est dans la niche ou pas)
    nombres    : 1e-12 relatif (trois ordres de grandeur au-dessus du résidu)
  Rendre cela exact est possible (replier sur un nombre FIXE de fragments
  plutôt que sur celui que rayon a choisi) au prix de la mémoire des
  accumulateurs. Noté dans TASKS.md ; pas rentable pour 1e-15.

--------------------------------------------------------------------------------
13.5  Mesures, machine locale, build release, 2 échantillons
--------------------------------------------------------------------------------
  géométrie+NAS+assortativité   4 000 cell.    6,1 ms   2 µs/cell    4,7 Mo
                               20 000 cell.   24,9 ms   1 µs/cell   10,1 Mo
                              100 000 cell.  198,4 ms   2 µs/cell   35,0 Mo
  UMAP+GMM                      2 000 cell.  697,5 ms  349 µs/cell   6,1 Mo
                               10 000 cell.    3,85 s  385 µs/cell  17,9 Mo
                               50 000 cell.   12,80 s  256 µs/cell 101,4 Mo

  La colonne µs/cellule est celle à lire : plate sur un facteur 25 en taille,
  donc les deux moitiés passent à l'échelle linéairement et rien de quadratique
  ne se cache.

  Niveau 3 sur 3 000 cellules : ARI 0,511, NMI 0,529, recouvrement de voisinage
  0,388, 5 niches trouvées pour 5 plantées. Bien au-dessus du hasard, et loin
  de 1 parce qu'une cellule de frontière appartient réellement aux deux niches.

--------------------------------------------------------------------------------
REPRISE
--------------------------------------------------------------------------------
  cargo run --release -p mosna-bench -- all
  cargo run --release -p mosna-bench -- golden --update   (après un changement voulu)
  Les références golden/*.json sont versionnées : leur diff nomme l'étape qui a
  bougé.

================================================================================
ÉTAPE 14 — TYPOGRAPHIE DE L'INTERFACE, MARGE DU MANUEL, BANC EN CI
================================================================================
Date : 2026-08-04
État final : 916 tests verts, clippy 0, fmt propre.

--------------------------------------------------------------------------------
14.1  Une échelle typographique nommée (TDD)
--------------------------------------------------------------------------------
  ROUGE D'ABORD : crates/mosna-gui/tests/theme_scale.rs (10 tests).

  AVANT : 31 tailles littérales éparpillées dans les panneaux — 11.0, 11.5,
  12.0, 12.5, 13.0, 15.0, 20.0. C'est ainsi qu'une interface finit avec une
  étiquette de 11 px à côté d'une de 12 px pour une raison dont personne ne se
  souvient.

  APRÈS : theme::size, un palier nommé par rôle.
    PAGE_TITLE    26   titre d'une page du manuel
    SECTION_TITLE 20   en-tête de panneau, titre de section
    HEADING       17   sous-titre, titre de groupe
    BODY          15,5 texte courant
    LABEL         14   étiquette de contrôle, onglet, cellule
    SMALL         13   légende, indication
    MONO          13,5 journal et blocs de commandes

  theme::apply() pose maintenant aussi les text_styles d'egui (via
  all_styles_mut, l'API 0.35), donc une étiquette écrite sans taille explicite
  hérite de l'échelle. Plus : button_padding 14x8, item_spacing 9x7,
  interact_size.y 32 (egui donne 18, une cible qu'il faut viser),
  STEP_BUTTON_HEIGHT 42 pour les quatre boutons d'étape.

  Boîtes : marge intérieure 8 -> 12, titre de groupe LABEL -> HEADING,
  en-tête de panneau HEADING -> SECTION_TITLE. Tableau des échantillons en
  LABEL avec un interligne de 6 px. Barre de progression à hauteur du texte.
  Panneaux latéraux élargis (340->400 et 420->490), fenêtre 1400x900 ->
  1600x980, minimum 1000x640 -> 1120x700.

  DEUX DE MES TESTS ÉTAIENT MAL ÉCRITS :
   - each_step_of_the_scale_is_visible a échoué sur BODY 15 contre LABEL 14,5.
     Le test avait raison : un demi-pixel n'est pas un niveau de hiérarchie.
     C'est l'ÉCHELLE que j'ai corrigée (15,5 / 14 / 13), pas le seuil.
   - clippy a signalé que comparer deux constantes est connu à la compilation :
     le test disait « 26 est plus grand que 20 », ce que le compilateur sait
     déjà. Réécrit sur size::hierarchy(), qui renvoie les paliers en données :
     la propriété vérifiée devient « cette hiérarchie descend ».

--------------------------------------------------------------------------------
14.2  La marge du manuel
--------------------------------------------------------------------------------
  theme::DOC_MARGIN = 48 px à gauche, theme::DOC_MAX_WIDTH = 820 px.

  Deux raisons distinctes : un texte qui commence là où commence le panneau est
  inconfortable à lire ; un texte étiré sur un écran large est difficile à
  ramener à la ligne suivante (l'optimum typographique est de 60 à 90 signes).

  Sur une fenêtre étroite, la marge cède AVANT le texte (min avec 10 % de la
  largeur disponible) : une marge à l'étroit vaut mieux qu'une colonne écrasée.

--------------------------------------------------------------------------------
14.3  Le banc en CI
--------------------------------------------------------------------------------
  .github/workflows/rust.yml gagne le job « numerical drift » :
    niveau 1 golden, petite cohorte (2 x 3 000)   mesuré à 16 ms
    niveau 2 reproduce (1 x 2 000)                mesuré à 1,4 s
  En release : une référence enregistrée depuis un build optimisé doit être
  vérifiée contre un build optimisé. Les deux sortent en code non nul en cas
  de dérive.

--------------------------------------------------------------------------------
LIMITE ASSUMÉE DE CETTE ÉTAPE
--------------------------------------------------------------------------------
  L'interface a été lancée pour de vrai (le processus démarre et tient), mais
  la session est en Wayland et le compositeur refuse les captures d'écran :
  « Screenshot is not allowed ». Les tailles sont donc vérifiées par les tests
  et par lecture du code, PAS par inspection visuelle. C'est à vous de regarder
  et de dire si l'échelle vous convient — les sept paliers sont dans
  crates/mosna-gui/src/theme.rs, module `size`, et un seul chiffre changé s'y
  propage partout.

--------------------------------------------------------------------------------
14.4  Chapitre « Remerciements » : les 32 caisses tierces, et pourquoi (TDD)
--------------------------------------------------------------------------------
  ROUGE D'ABORD : crates/mosna-gui/tests/credits.rs (8 tests).

  Nouveau chapitre, dernier du manuel, en six sections : introduction,
  interface, données, coeur scientifique, plomberie, tests. Chaque entrée dit
  ce que le projet en FAIT réellement — c'est un relevé de dettes, pas une
  liste de noms.

  Les VERSIONS ne sont volontairement pas répétées : elles sont dans les
  Cargo.toml, et un numéro recopié dans un texte est un numéro qui se périme.

  LE TEST QUI DONNE SA VALEUR À LA PAGE :
    credits.rs lit les VRAIS manifestes (racine + benchmark + crates/*), en
    extrait les dépendances tierces, et exige la double inclusion —
      every_dependency_is_cited        : rien d'utilisé n'est passé sous silence
      nothing_is_cited_that_is_not_used: aucune citation ne survit à son usage
    plus the_manifests_are_actually_read, sans quoi les deux précédents
    passeraient sur un ensemble vide et ne prouveraient rien.

    L'analyse des manifestes est faite à la main plutôt qu'avec une caisse TOML :
    ajouter une dépendance pour vérifier la liste des dépendances est une
    circularité qu'il vaut mieux éviter, et la forme lue tient en trois lignes.

    VÉRIFIÉ EN LE CASSANT : « kiddo » renommé en « kiddo-obsolete » fait
    échouer les deux tests dans les deux sens, avec le nom fautif dans le
    message. Restauré ensuite.

  UN PROBLÈME DE CONCEPTION RENCONTRÉ : Block::Table alimente
  documented_parameters(), qui alimente le test « chaque réglage de
  l'interface est documenté ». Une liste de caisses en Table aurait injecté
  « egui » et « rayon » dans l'ensemble des paramètres documentés, faisant
  échouer nothing_documented_is_absent_from_the_interface pour une raison
  absurde. D'où :
    - un variant dédié Block::Citations(Vec<Citation>) ;
    - documented_parameters() restreint au chapitre « parameters ».
  Un test le verrouille : a_crate_name_is_not_a_parameter.

  DEUX CITATIONS HONNÊTES PLUTÔT QUE FLATTEUSES : log et env_logger sont
  déclarés et traversent les caisses, mais aucun logger n'est installé. C'est
  écrit tel quel dans le manuel, plutôt que laissé comme une capacité
  sous-entendue (voir TASKS.md, point 10).

  État : 924 tests verts, clippy 0, fmt propre.

--------------------------------------------------------------------------------
14.5  Texte coupé par la marge des boîtes (TDD)
--------------------------------------------------------------------------------
  SIGNALÉ PAR L'UTILISATEUR : dans le panneau de droite (onglet Niches
  Analysis) et dans celui de gauche, une partie du texte est cachée par la
  marge de la boîte, et élargir la boîte ne la ramène pas.

  CAUSE : les deux panneaux posaient leurs champs dans une egui::Grid à deux
  colonnes. Dans une cellule de grille, la largeur maximale est infinie : une
  étiquette NE SE REPLIE DONC PAS. Les noms longs — « X coordinates column for
  niches », « Randomization diagnostic » — dépassaient le cadre du groupe, et
  le Frame découpe ce qui dépasse. Le texte n'était ni réduit ni replié : il
  était absent. L'agrandissement du panneau ne le ramenait pas, parce que les
  largeurs venaient de constantes (`available_width() - 32.0`) qui, elles, ne
  bougeaient pas.

  L'agrandissement de la typographie à l'étape 14.1 a rendu le défaut visible :
  les étiquettes ont grandi d'environ 17 % et ont franchi le bord.

  ROUGE D'ABORD : crates/mosna-gui/tests/field_layout.rs (8 tests).
    a_row_never_overflows_the_space_it_was_given  l'invariant qui manquait
    neither_column_ever_vanishes                  (- 32.0 devient négatif)
    widening_the_panel_widens_the_label           ce que l'utilisateur demande
    the_label_stops_growing_once_it_has_enough    au-delà, la place va au contrôle
    the_longest_parameter_name_fits               le pire cas réel
    the_control_keeps_a_usable_width              une combo trop étroite est inutile
    a_field_and_its_button_fit_together           la même panne, autre forme
    a_path_field_grows_with_the_panel

  crates/mosna-gui/src/panels/layout.rs   NOUVEAU, arithmétique pure
    field_widths(available, spacing) -> FieldWidths { label, control }
      L'étiquette prend 46 % de la ligne, bornée entre 110 et 210 px. Au-delà
      de 210 elle montre déjà tout nom en entier : le surplus va au contrôle.
      Sous les deux minima, c'est l'ÉTIQUETTE QUI CÈDE : une étiquette à
      l'étroit se replie et reste lisible, une combo à l'étroit ne montre rien.
    text_and_button(available, button, spacing) -> f32
    browse_button_width()  dérivée de theme::BUTTON_PADDING, pour ne plus
                           dériver de la constante 32.0 comme précédemment.

  panels/mod.rs gagne field_row() — étiquette repliable à gauche, contrôle à
  droite, largeurs issues de layout — et path_field(), champ texte plus bouton
  de parcours dimensionnés ensemble.

  Les deux panneaux abandonnent Grid pour field_row. Toutes les combos passent
  en wrap_mode Truncate : une légende trop longue est tronquée dans un contrôle
  de largeur connue, plutôt que d'élargir le contrôle hors du cadre.

  DANS LE PANNEAU GAUCHE, un changement de disposition : le sélecteur
  Default/Custom du répertoire réseau était À CÔTÉ du chemin ; sur un panneau
  étroit il ne restait au chemin que quelques caractères. Il est maintenant
  au-dessus.

  Enfin, les poignées de redimensionnement vont plus loin : 320..=720 à gauche
  (au lieu de 520) et 380..=820 à droite (au lieu de 620).

  VÉRIFIÉ : 934 tests verts, clippy 0, fmt propre, et l'interface reconstruite
  démarre et tient. Toujours PAS d'inspection visuelle : Wayland refuse les
  captures. C'est à vous de confirmer que les noms longs sont désormais lisibles.

--------------------------------------------------------------------------------
14.6  CORRECTION DE 14.5 : c'est le contrôle qui rétrécit, pas le panneau
--------------------------------------------------------------------------------
  RETOUR DE L'UTILISATEUR : « c'est moins bien qu'avant ». Au lieu d'agrandir
  les cadres, il faut réduire la taille des contrôles À L'INTÉRIEUR, sans que
  les cadres cachent quoi que ce soit, et en gardant la partie centrale la plus
  grande possible.

  Il a raison, et mon 14.5 se trompait deux fois :

  ERREUR 1 — j'ai élargi les panneaux (jusqu'à 720 et 820 px). Les panneaux
  latéraux pilotent l'analyse ; ce que l'utilisateur REGARDE, ce sont les
  figures au centre. Chaque pixel donné aux côtés est pris à l'image.

  ERREUR 2 — plus grave, une erreur de conception : ma colonne d'étiquettes
  était dimensionnée par un MAXIMUM GLOBAL (46 % de la ligne, borné à 210 px).
  « Extension » réservait donc autant de place que « X coordinates column for
  niches ». Ces pixels gaspillés étaient exactement ceux qui manquaient au
  contrôle voisin — et la raison pour laquelle le panneau devait grandir.

  CE QUI REMPLACE :
    panels/mod.rs::label_width(ui, texte)
      Mesure l'étiquette AVEC LA POLICE QUI LA DESSINERA (ctx().fonts_mut,
      layout_no_wrap) plutôt que de l'estimer au nombre de caractères — une
      estimation, c'est ainsi qu'une colonne finit trop courte d'un demi-mot.
    panels/mod.rs::label_column_for(ui, étiquettes)
      Une colonne PAR GROUPE, fixée par sa plus longue étiquette, pour que les
      contrôles s'alignent au lieu de former un bord en dents de scie.
    layout::label_column(besoin, disponible, espacement)
      Exactement le besoin, borné par MAX_LABEL et par ce qui reste une fois le
      contrôle servi de son minimum. Le contrôle cède le premier ; l'étiquette
      ne se replie qu'en dernier recours, et n'est jamais coupée.

    MIN_CONTROL descendu de 120 à 90 px : une combo tronque sa légende et garde
    sa flèche, ce qui suffit — l'utilisateur retrouve le texte en l'ouvrant.

  DIMENSIONS, désormais dans theme.rs et gouvernées par des tests :
    BROWSER      320 px  (290 .. 620)   au lieu de 400 (320 .. 720)
    PARAMETERS   400 px  (360 .. 700)   au lieu de 490 (380 .. 820)
    PANEL_MARGIN   7 px  au lieu de 8
    GROUP_MARGIN   9 px  au lieu de 12
  Soit 720 px de côtés au lieu de 890 : 170 px rendus aux figures.

  ROUGE D'ABORD : crates/mosna-gui/tests/field_layout.rs réécrit, 14 tests.
    the_longest_name_fits_on_one_line_at_the_default_width
    the_longest_name_still_fits_at_the_minimum_width
      (sinon le minimum est une largeur à laquelle l'interface ne sert à rien)
    squeezing_the_panel_shrinks_the_control_first    la règle inversée
    a_short_label_does_not_reserve_a_long_label_s_column   l'erreur 2
    the_column_is_set_by_the_widest_name_of_the_group
    a_panel_defaults_to_the_narrowest_width_that_works
    the_middle_keeps_most_of_the_window             les côtés < la moitié
    a_panel_can_still_be_widened                   la flexibilité demandée

  État : 942 tests verts, clippy 0, fmt propre, l'interface démarre et tient.
  Toujours pas d'inspection visuelle : Wayland refuse les captures.

================================================================================
ÉTAPE 15 — L'ICÔNE ILLISIBLE, ET DEUX FICHIERS DISPARUS DE L'ARBRE
================================================================================
Date : 2026-08-04
État final : 947 tests verts, clippy 0, fmt propre.

--------------------------------------------------------------------------------
15.1  « cannot read the icon ... ICO image entry has too many color planes »
--------------------------------------------------------------------------------
  SIGNALÉ PAR L'UTILISATEUR à l'exécution de ./install.sh.

  DIAGNOSTIC : assets/logo.ico N'EST PAS UN ICO. Ses huit premiers octets sont
  89 50 4E 47 0D 0A 1A 0A — c'est un PNG de 550x550 portant une extension .ico.
  (Le logo archivé dans MOSNA_python-legacy.tar.gz, lui, est un vrai ICO à cinq
  images : le fichier a été remplacé depuis, côté utilisateur.)

  CAUSE CÔTÉ CODE : image::open choisit son décodeur d'après L'EXTENSION. C'est
  faux ici deux fois — la plupart des convertisseurs d'icônes produisent
  exactement ce genre de fichier, et un utilisateur qui remplace le logo n'a
  aucune raison de penser que l'extension porte du sens.

  ROUGE D'ABORD : cinq tests ajoutés dans icon.rs, dont
    a_png_that_calls_itself_an_icon_is_still_read   le cas réel du dépôt
    a_real_icon_file_is_read_too                    la non-régression
    an_ico_destination_gets_a_real_ico              voir 15.2
    an_ico_is_within_the_format_s_limit
    a_file_that_is_no_image_at_all_is_reported_clearly

  CORRECTION : lecture des octets puis image::load_from_memory, qui reconnaît
  le format au nombre magique. Le message d'erreur, en cas d'échec réel, dit
  désormais que ce sont les CONTENUS qui décident et non le nom.

--------------------------------------------------------------------------------
15.2  UN DÉFAUT LATENT TROUVÉ AU PASSAGE : l'icône Windows n'en était pas une
--------------------------------------------------------------------------------
  convert() écrivait TOUJOURS du PNG. Sur Windows, layout.icon() se termine par
  .ico et le raccourci .lnk pointe dessus : le shell aurait donc reçu un PNG
  déguisé et n'aurait affiché aucune icône. Personne ne l'aurait vu avant le
  premier essai sous Windows.

  Désormais l'EXTENSION DE LA DESTINATION décide du format écrit — PNG pour le
  thème hicolor, ICO pour le raccourci Windows — avec un plafond à 256 px, la
  limite du format ICO.

--------------------------------------------------------------------------------
15.3  Deux disparitions dans l'arbre de travail
--------------------------------------------------------------------------------
  Constatées en lançant la suite complète, PAS causées par le code :

  a) assets/images/architecture.png avait disparu, ce qui cassait la
     COMPILATION de mosna-gui (docs/assets.rs l'embarquait par include_bytes!).
     Restaurée depuis l'archive, puis RETIRÉE POUR DE BON : l'utilisateur la
     dit obsolète, et sa suppression était volontaire. Voir 15.4.

  b) .git a disparu de /home/owen.griere/MOSNA_GUI_Enhanced. Le dépôt est
     devenu un simple dossier ; tout l'historique du portage — qui n'avait de
     toute façon jamais été commité — n'est plus référencé.
     Un dépôt neuf et VIDE existe à /home/owen.griere/Bureau/MOSNA_Enhanced,
     branche main sans aucun commit, distant
     git@github.com:OwenGriere/MOSNA_Enhanced.git.
     Rien n'a été commité ni poussé de mon fait.

  VÉRIFIÉ APRÈS CORRECTION : ./install.sh --dry-run passe, puis une vraie
  installation dans un préfixe temporaire produit
  share/icons/hicolor/256x256/apps/mosna.png en 256x256 avec la bonne
  signature, et la désinstallation nettoie tout.

--------------------------------------------------------------------------------
15.4  architecture.png retirée, et le test qui l'aurait signalée
--------------------------------------------------------------------------------
  L'utilisateur la dit obsolète : elle sort du dépôt et du code.

  Elle était embarquée par docs/assets.rs mais AUCUNE page du manuel ne
  l'affichait : près d'un mégaoctet transporté par chaque copie installée, pour
  rien. Le test « chaque figure référencée est embarquée » ne pouvait pas le
  voir — il ne regardait que dans un sens.

  ROUGE D'ABORD : no_figure_is_embedded_without_being_shown, le contrôle
  symétrique. Il lit assets::EMBEDDED — nouvelle constante, la liste explicite
  de ce qui est compilé dans le binaire — et le confronte aux Block::Image du
  manuel. Une figure embarquée que personne n'affiche fait désormais échouer la
  suite, comme une figure affichée que personne n'embarque.

  Un second test verrouille la constante contre les bras du match, qui disent
  la même chose deux fois et pourraient diverger.

  assets/ passe de 2,4 à 2,0 Mo. 949 tests verts, clippy 0, fmt propre.

================================================================================
ÉTAPE 16 — INSTALLATION WINDOWS EN UNE COMMANDE (bootstrap.ps1)
================================================================================
Date : 2026-08-04
État final : 957 tests verts, clippy 0, fmt propre.

  Option retenue par l'utilisateur parmi les trois proposées : la ligne unique
  PowerShell, l'idiome de rustup lui-même. Pas l'exécutable téléchargeur, qui
  n'aurait épargné ni l'installation de Rust ni la compilation, et aurait
  déclenché SmartScreen faute de signature.

  ROUGE D'ABORD : 8 tests dans crates/mosna-install/tests/scripts.rs.

  bootstrap.ps1 fait trois choses et rien d'autre :
    1. installe la chaîne Rust si cargo est absent (rustup-init -y, puis ajoute
       ~/.cargo/bin au PATH DE CETTE SESSION — rustup ne le fait que pour les
       shells suivants, et le script en a besoin tout de suite) ;
    2. récupère les sources : git clone --depth 1 s'il y a git, sinon le zip
       que GitHub sert pour n'importe quelle branche ;
    3. passe la main à install.ps1, qui est l'installeur testé.

  DÉCISIONS QUE LES TESTS VERROUILLENT :
    the_bootstrap_runs_with_no_arguments
      Piped dans iex, un script ne reçoit AUCUN argument. Un paramètre
      obligatoire ferait apparaître une invite — depuis un pipeline, cela
      bloque indéfiniment. Aucun paramètre n'est donc obligatoire.
    the_bootstrap_only_downloads_over_tls
      Un bootstrap récupéré en clair est une invitation à exécuter le code de
      quelqu'un d'autre.
    the_bootstrap_does_not_clobber_an_existing_directory
      Le dossier choisi peut contenir autre chose. Un dépôt existant est mis à
      jour (git pull --ff-only) ; un dossier non vide qui n'est pas un dépôt
      est REFUSÉ, sauf -Force.
    the_bootstrap_delegates_to_the_installer
      Une seule implémentation de l'installation, et c'est la testée.
    the_readme_one_liner_matches_the_shipped_script
      LE TEST QUI COMPTE : la commande que le README fait coller doit nommer le
      script qui existe, sur la branche que le script clone réellement. La
      branche est lue dans l'affectation $Branch du script, pas devinée.
      VÉRIFIÉ EN LE CASSANT : $Branch passé à 'develop' fait échouer le test en
      citant les deux valeurs. Restauré ensuite.

  LIMITE ASSUMÉE : aucun PowerShell sur cette machine. Le script est vérifié
  structurellement (accolades appariées, here-strings appariés, param() présent,
  variables affectées) et par les huit tests ci-dessus, mais IL N'A JAMAIS ÉTÉ
  EXÉCUTÉ. Comme install.ps1 et le .lnk, son premier essai sous Windows est un
  test, pas un déploiement.

  README : section Windows réécrite autour de la ligne unique, avec la variante
  « télécharger, lire, exécuter » juste en dessous — c'est la chose sensée à
  faire avec n'importe quel script pris sur le réseau, celui-ci compris.

================================================================================
ÉTAPE 17 — « N'IMPORTE QUELLE SESSION LINUX ? » : NON, ET LE TROU COMBLÉ
================================================================================
Date : 2026-08-04
État final : 961 tests verts, clippy 0, fmt propre.

  QUESTION DE L'UTILISATEUR : peut-on confirmer que n'importe qui avec une
  session Linux peut l'installer ? Vérifié plutôt qu'affirmé.

  CE QUE LE BINAIRE EXIGE RÉELLEMENT
    mosna-gui  ne lie que libc, libgcc, libm. Tout le reste — libX11,
               libxkbcommon, libwayland-client, libEGL, libdbus — est chargé
               par dlopen à l'exécution (winit, et zbus pour le sélecteur de
               fichiers via le portail XDG). Présent sur toute session de
               bureau ; absent sur une machine sans affichage.
    mosna      lie fontconfig, freetype, expat, png, brotli, uuid, z —
               plotters rend le texte des figures avec la pile fontconfig.

  LE TROU : freetype-sys et yeslogic-fontconfig-sys résolvent leurs
  bibliothèques PAR PKG-CONFIG au moment de la compilation. Sur une machine
  avec une chaîne Rust parfaitement saine mais sans les fichiers de
  développement, la compilation mourait au bout de deux minutes sur une erreur
  parlant de PKG_CONFIG_PATH et ne nommant RIEN qu'un utilisateur puisse
  installer. install.sh ne vérifiait que cargo.

  ROUGE D'ABORD : 4 tests dans crates/mosna-install/tests/scripts.rs.
    the_shell_script_checks_the_build_prerequisites
    a_missing_prerequisite_names_the_command_that_installs_it   apt/dnf/pacman
    uninstalling_does_not_demand_the_build_prerequisites
      (celui qui nettoie après un échec est justement celui à qui il manque
       peut-être les outils)
    the_readme_lists_the_same_prerequisites

  install.sh vérifie désormais cc, pkg-config et `pkg-config --exists
  fontconfig` AVANT de construire, et affiche la commande exacte pour Debian,
  Fedora, Arch et openSUSE. VÉRIFIÉ EN SIMULANT une machine sans fontconfig
  (un faux pkg-config renvoyant 127 en tête de PATH) : message affiché, code de
  sortie 1, et la désinstallation continue de fonctionner sans ces outils.

  README : section Install réécrite avec le tableau des quatre familles de
  distributions, et la précision qu'une session graphique n'est nécessaire que
  pour l'interface — en mode headless la ligne de commande fonctionne en entier.

--------------------------------------------------------------------------------
17.1  DEUX CONSTATS SUR LA MACHINE DE L'UTILISATEUR
--------------------------------------------------------------------------------
  a) L'installation de 14:19 A RÉUSSI, avec le code corrigé à l'étape 15 :
     ~/.local/bin/{mosna,mosna-gui}, la configuration, l'entrée de menu ET
     ~/.local/share/icons/hicolor/256x256/apps/mosna.png — dont j'ai vérifié
     par comparaison binaire qu'elle EST le nouveau logo. L'icône affichée
     comme inchangée est donc un CACHE DE BUREAU, pas un défaut d'installation.

  b) MA FAUTE : en testant que la désinstallation fonctionne sans les outils de
     compilation, j'ai lancé `./install.sh --prefix /tmp/nowhere --uninstall`.
     Les raccourcis sont calculés depuis l'ENVIRONNEMENT et non depuis le
     préfixe : la commande a donc supprimé le vrai ~/Bureau/mosna.desktop de
     l'utilisateur. Restauré à l'identique depuis
     ~/.local/share/applications/mosna.desktop, avec le bit exécutable.

     LEÇON, à consigner : un uninstall avec un préfixe bidon n'est pas inoffensif.
     Il faudrait qu'il refuse un préfixe où rien n'est installé — voir TASKS.md.

--------------------------------------------------------------------------------
17.2  Plus rien de figé en largeur (TDD)
--------------------------------------------------------------------------------
  DEMANDE : que l'onglet Niche Analysis et le Browser se comportent comme les
  autres onglets — pas de marge fixe, pas de taille fixe, tout modifiable en
  largeur.

  POURQUOI NICHE ANALYSIS SE COMPORTAIT DIFFÉREMMENT : la colonne d'étiquettes
  était plafonnée à MAX_LABEL = 218 px. Ses noms sont les SEULS assez longs pour
  atteindre ce plafond ; eux seuls se repliaient donc, pendant que les autres
  onglets se posaient proprement. Le plafond n'était pas un réglage à ajuster,
  c'était la cause.

  CE QUI REMPLACE LES CONSTANTES :
    CONTROL_SHARE = 0,34   le contrôle garde une PART de la ligne, pas un
                           nombre de pixels. Une ligne se comporte alors de la
                           même façon quel que soit ce qui y est écrit et quelle
                           que soit la largeur du panneau.
    CONTROL_FLOOR = 56 px  ne mord que sur un panneau tiré à presque rien.
    Plus de MAX_LABEL, plus de MIN_LABEL, plus de MIN_CONTROL absolus.
    layout::margin(available) = (largeur x 2,5 %) borné à [4, 14] px
                           Une marge constante est une grosse fraction d'un
                           panneau étroit et une erreur d'arrondi sur un large.
                           Appliquée aux boîtes ET aux deux panneaux.

  PLAGES DE REDIMENSIONNEMENT ÉLARGIES :
    Browser      240 .. 900   au lieu de 290 .. 620
    Parameters   280 .. 1000  au lieu de 360 .. 700
  Les valeurs par défaut ne bougent pas (320 et 400) : le centre reste grand,
  mais tout est désormais tirable.

  ROUGE D'ABORD, 5 tests ajoutés :
    a_very_long_name_is_not_cut_off_at_a_fixed_ceiling  la cause, en un test
    both_columns_scale_with_the_panel                   x2 de place = x2 partout
    the_control_keeps_a_share_of_the_row_not_a_constant
    the_margin_follows_the_panel
    a_panel_can_be_resized_across_a_wide_range          max >= 2,5 x min

  DEUX DE MES TESTS ENCODAIENT L'ANCIEN MODÈLE et ont été réénoncés, pas
  contournés :
    the_longest_name_still_fits_at_the_minimum_width devenait faux dès lors que
      le minimum n'est plus « la largeur qui montre tout » mais « jusqu'où on
      peut tirer ». Remplacé par ..._wraps_rather_than_being_cut_at_the_minimum_
      width : la règle est que l'étiquette ne perd jamais un mot, pas qu'elle ne
      prend jamais deux lignes. Qui tire un panneau si étroit a demandé un
      panneau étroit.
    a_panel_defaults_to_the_narrowest_width_that_works comparait le défaut au
      minimum, deux notions désormais distinctes. Il compare maintenant le
      défaut à ce que le contenu exige réellement.

  État : 966 tests verts, clippy 0, fmt propre, l'interface démarre et tient.
  Toujours pas d'inspection visuelle : Wayland refuse les captures.
